// Jest Snapshot v1, https://goo.gl/fbAQLP

exports[`test should render dashboard 1`] = `
<div>
  This is from dashboard component
  <Connect(ExpenseListFilters) />
  <Connect(ExpenseList) />
  <Connect(ExpenseListItem) />
</div>
`;
