// Jest Snapshot v1, https://goo.gl/fbAQLP

exports[`test should render not found page  1`] = `
<div>
  Page Not found-
  <Link
    replace={false}
    to="/"
  >
    Go Home
  </Link>
</div>
`;
